Archive member included to satisfy reference by file (symbol)

C:/ST/STM32CubeIDE_1.15.0/STM32CubeIDE/plugins/com.st.stm32cube.ide.mcu.externaltools.gnu-tools-for-stm32.12.3.rel1.win32_1.0.100.202403111256/tools/bin/../lib/gcc/arm-none-eabi/12.3.1/../../../../arm-none-eabi/lib/thumb/v7e-m+fp/hard\libc_nano.a(libc_a-exit.o)
                              C:/ST/STM32CubeIDE_1.15.0/STM32CubeIDE/plugins/com.st.stm32cube.ide.mcu.externaltools.gnu-tools-for-stm32.12.3.rel1.win32_1.0.100.202403111256/tools/bin/../lib/gcc/arm-none-eabi/12.3.1/../../../../arm-none-eabi/lib/thumb/v7e-m+fp/hard/crt0.o (exit)
C:/ST/STM32CubeIDE_1.15.0/STM32CubeIDE/plugins/com.st.stm32cube.ide.mcu.externaltools.gnu-tools-for-stm32.12.3.rel1.win32_1.0.100.202403111256/tools/bin/../lib/gcc/arm-none-eabi/12.3.1/../../../../arm-none-eabi/lib/thumb/v7e-m+fp/hard\libc_nano.a(libc_a-findfp.o)
                              C:/ST/STM32CubeIDE_1.15.0/STM32CubeIDE/plugins/com.st.stm32cube.ide.mcu.externaltools.gnu-tools-for-stm32.12.3.rel1.win32_1.0.100.202403111256/tools/bin/../lib/gcc/arm-none-eabi/12.3.1/../../../../arm-none-eabi/lib/thumb/v7e-m+fp/hard\libc_nano.a(libc_a-exit.o) (__stdio_exit_handler)
C:/ST/STM32CubeIDE_1.15.0/STM32CubeIDE/plugins/com.st.stm32cube.ide.mcu.externaltools.gnu-tools-for-stm32.12.3.rel1.win32_1.0.100.202403111256/tools/bin/../lib/gcc/arm-none-eabi/12.3.1/../../../../arm-none-eabi/lib/thumb/v7e-m+fp/hard\libc_nano.a(libc_a-fwalk.o)
                              C:/ST/STM32CubeIDE_1.15.0/STM32CubeIDE/plugins/com.st.stm32cube.ide.mcu.externaltools.gnu-tools-for-stm32.12.3.rel1.win32_1.0.100.202403111256/tools/bin/../lib/gcc/arm-none-eabi/12.3.1/../../../../arm-none-eabi/lib/thumb/v7e-m+fp/hard\libc_nano.a(libc_a-findfp.o) (_fwalk_sglue)
C:/ST/STM32CubeIDE_1.15.0/STM32CubeIDE/plugins/com.st.stm32cube.ide.mcu.externaltools.gnu-tools-for-stm32.12.3.rel1.win32_1.0.100.202403111256/tools/bin/../lib/gcc/arm-none-eabi/12.3.1/../../../../arm-none-eabi/lib/thumb/v7e-m+fp/hard\libc_nano.a(libc_a-stdio.o)
                              C:/ST/STM32CubeIDE_1.15.0/STM32CubeIDE/plugins/com.st.stm32cube.ide.mcu.externaltools.gnu-tools-for-stm32.12.3.rel1.win32_1.0.100.202403111256/tools/bin/../lib/gcc/arm-none-eabi/12.3.1/../../../../arm-none-eabi/lib/thumb/v7e-m+fp/hard\libc_nano.a(libc_a-findfp.o) (__sread)
C:/ST/STM32CubeIDE_1.15.0/STM32CubeIDE/plugins/com.st.stm32cube.ide.mcu.externaltools.gnu-tools-for-stm32.12.3.rel1.win32_1.0.100.202403111256/tools/bin/../lib/gcc/arm-none-eabi/12.3.1/../../../../arm-none-eabi/lib/thumb/v7e-m+fp/hard\libc_nano.a(libc_a-memset.o)
                              C:/ST/STM32CubeIDE_1.15.0/STM32CubeIDE/plugins/com.st.stm32cube.ide.mcu.externaltools.gnu-tools-for-stm32.12.3.rel1.win32_1.0.100.202403111256/tools/bin/../lib/gcc/arm-none-eabi/12.3.1/../../../../arm-none-eabi/lib/thumb/v7e-m+fp/hard/crt0.o (memset)
C:/ST/STM32CubeIDE_1.15.0/STM32CubeIDE/plugins/com.st.stm32cube.ide.mcu.externaltools.gnu-tools-for-stm32.12.3.rel1.win32_1.0.100.202403111256/tools/bin/../lib/gcc/arm-none-eabi/12.3.1/../../../../arm-none-eabi/lib/thumb/v7e-m+fp/hard\libc_nano.a(libc_a-closer.o)
                              C:/ST/STM32CubeIDE_1.15.0/STM32CubeIDE/plugins/com.st.stm32cube.ide.mcu.externaltools.gnu-tools-for-stm32.12.3.rel1.win32_1.0.100.202403111256/tools/bin/../lib/gcc/arm-none-eabi/12.3.1/../../../../arm-none-eabi/lib/thumb/v7e-m+fp/hard\libc_nano.a(libc_a-stdio.o) (_close_r)
C:/ST/STM32CubeIDE_1.15.0/STM32CubeIDE/plugins/com.st.stm32cube.ide.mcu.externaltools.gnu-tools-for-stm32.12.3.rel1.win32_1.0.100.202403111256/tools/bin/../lib/gcc/arm-none-eabi/12.3.1/../../../../arm-none-eabi/lib/thumb/v7e-m+fp/hard\libc_nano.a(libc_a-reent.o)
                              C:/ST/STM32CubeIDE_1.15.0/STM32CubeIDE/plugins/com.st.stm32cube.ide.mcu.externaltools.gnu-tools-for-stm32.12.3.rel1.win32_1.0.100.202403111256/tools/bin/../lib/gcc/arm-none-eabi/12.3.1/../../../../arm-none-eabi/lib/thumb/v7e-m+fp/hard\libc_nano.a(libc_a-closer.o) (errno)
C:/ST/STM32CubeIDE_1.15.0/STM32CubeIDE/plugins/com.st.stm32cube.ide.mcu.externaltools.gnu-tools-for-stm32.12.3.rel1.win32_1.0.100.202403111256/tools/bin/../lib/gcc/arm-none-eabi/12.3.1/../../../../arm-none-eabi/lib/thumb/v7e-m+fp/hard\libc_nano.a(libc_a-impure.o)
                              C:/ST/STM32CubeIDE_1.15.0/STM32CubeIDE/plugins/com.st.stm32cube.ide.mcu.externaltools.gnu-tools-for-stm32.12.3.rel1.win32_1.0.100.202403111256/tools/bin/../lib/gcc/arm-none-eabi/12.3.1/../../../../arm-none-eabi/lib/thumb/v7e-m+fp/hard\libc_nano.a(libc_a-reent.o) (_impure_ptr)
C:/ST/STM32CubeIDE_1.15.0/STM32CubeIDE/plugins/com.st.stm32cube.ide.mcu.externaltools.gnu-tools-for-stm32.12.3.rel1.win32_1.0.100.202403111256/tools/bin/../lib/gcc/arm-none-eabi/12.3.1/../../../../arm-none-eabi/lib/thumb/v7e-m+fp/hard\libc_nano.a(libc_a-lseekr.o)
[...]
Memory Configuration

Name             Origin             Length             Attributes
CCMRAM           0x10000000         0x00010000         xrw
RAM              0x20000000         0x00030000         xrw
FLASH            0x08000000         0x00200000         xr
*default*        0x00000000         0xffffffff

Linker script and memory map

LOAD C:/ST/STM32CubeIDE_1.15.0/STM32CubeIDE/plugins/com.st.stm32cube.ide.mcu.externaltools.gnu-tools-for-stm32.12.3.rel1.win32_1.0.100.202403111256/tools/bin/../lib/gcc/arm-none-eabi/12.3.1/thumb/v7e-m+fp/hard/crti.o
LOAD C:/ST/STM32CubeIDE_1.15.0/STM32CubeIDE/plugins/com.st.stm32cube.ide.mcu.externaltools.gnu-tools-for-stm32.12.3.rel1.win32_1.0.100.202403111256/tools/bin/../lib/gcc/arm-none-eabi/12.3.1/thumb/v7e-m+fp/hard/crtbegin.o
LOAD C:/ST/STM32CubeIDE_1.15.0/STM32CubeIDE/plugins/com.st.stm32cube.ide.mcu.externaltools.gnu-tools-for-stm32.12.3.rel1.win32_1.0.100.202403111256/tools/bin/../lib/gcc/arm-none-eabi/12.3.1/../../../../arm-none-eabi/lib/thumb/v7e-m+fp/hard/crt0.o
LOAD ./Core/Src/USR_CAN.o
LOAD ./Core/Src/USR_PID.o
LOAD ./Core/Src/USR_RC.o
LOAD ./Core/Src/main.o
LOAD ./Core/Src/stm32f4xx_hal_msp.o
LOAD ./Core/Src/stm32f4xx_it.o
LOAD ./Core/Src/syscalls.o
LOAD ./Core/Src/sysmem.o
LOAD ./Core/Src/system_stm32f4xx.o
LOAD ./Core/Startup/startup_stm32f427iihx.o
LOAD ./Drivers/STM32F4xx_HAL_Driver/Src/stm32f4xx_hal.o
LOAD ./Drivers/STM32F4xx_HAL_Driver/Src/stm32f4xx_hal_can.o
LOAD ./Drivers/STM32F4xx_HAL_Driver/Src/stm32f4xx_hal_cortex.o
LOAD ./Drivers/STM32F4xx_HAL_Driver/Src/stm32f4xx_hal_crc.o
LOAD ./Drivers/STM32F4xx_HAL_Driver/Src/stm32f4xx_hal_dma.o
LOAD ./Drivers/STM32F4xx_HAL_Driver/Src/stm32f4xx_hal_dma_ex.o
LOAD ./Drivers/STM32F4xx_HAL_Driver/Src/stm32f4xx_hal_exti.o
LOAD ./Drivers/STM32F4xx_HAL_Driver/Src/stm32f4xx_hal_flash.o
LOAD ./Drivers/STM32F4xx_HAL_Driver/Src/stm32f4xx_hal_flash_ex.o
LOAD ./Drivers/STM32F4xx_HAL_Driver/Src/stm32f4xx_hal_flash_ramfunc.o
LOAD ./Drivers/STM32F4xx_HAL_Driver/Src/stm32f4xx_hal_gpio.o
LOAD ./Drivers/STM32F4xx_HAL_Driver/Src/stm32f4xx_hal_pwr.o
LOAD ./Drivers/STM32F4xx_HAL_Driver/Src/stm32f4xx_hal_pwr_ex.o
LOAD ./Drivers/STM32F4xx_HAL_Driver/Src/stm32f4xx_hal_rcc.o
LOAD ./Drivers/STM32F4xx_HAL_Driver/Src/stm32f4xx_hal_rcc_ex.o
LOAD ./Drivers/STM32F4xx_HAL_Driver/Src/stm32f4xx_hal_tim.o
LOAD ./Drivers/STM32F4xx_HAL_Driver/Src/stm32f4xx_hal_tim_ex.o
LOAD ./Drivers/STM32F4xx_HAL_Driver/Src/stm32f4xx_hal_uart.o
START GROUP
LOAD C:/ST/STM32CubeIDE_1.15.0/STM32CubeIDE/plugins/com.st.stm32cube.ide.mcu.externaltools.gnu-tools-for-stm32.12.3.rel1.win32_1.0.100.202403111256/tools/bin/../lib/gcc/arm-none-eabi/12.3.1/../../../../arm-none-eabi/lib/thumb/v7e-m+fp/hard\libc_nano.a
LOAD C:/ST/STM32CubeIDE_1.15.0/STM32CubeIDE/plugins/com.st.stm32cube.ide.mcu.externaltools.gnu-tools-for-stm32.12.3.rel1.win32_1.0.100.202403111256/tools/bin/../lib/gcc/arm-none-eabi/12.3.1/../../../../arm-none-eabi/lib/thumb/v7e-m+fp/hard\libm.a
END GROUP
START GROUP
LOAD C:/ST/STM32CubeIDE_1.15.0/STM32CubeIDE/plugins/com.st.stm32cube.ide.mcu.externaltools.gnu-tools-for-stm32.12.3.rel1.win32_1.0.100.202403111256/tools/bin/../lib/gcc/arm-none-eabi/12.3.1/thumb/v7e-m+fp/hard\libgcc.a
LOAD C:/ST/STM32CubeIDE_1.15.0/STM32CubeIDE/plugins/com.st.stm32cube.ide.mcu.externaltools.gnu-tools-for-stm32.12.3.rel1.win32_1.0.100.202403111256/tools/bin/../lib/gcc/arm-none-eabi/12.3.1/../../../../arm-none-eabi/lib/thumb/v7e-m+fp/hard\libc_nano.a
END GROUP
START GROUP
LOAD C:/ST/STM32CubeIDE_1.15.0/STM32CubeIDE/plugins/com.st.stm32cube.ide.mcu.externaltools.gnu-tools-for-stm32.12.3.rel1.win32_1.0.100.202403111256/tools/bin/../lib/gcc/arm-none-eabi/12.3.1/thumb/v7e-m+fp/hard\libgcc.a
LOAD C:/ST/STM32CubeIDE_1.15.0/STM32CubeIDE/plugins/com.st.stm32cube.ide.mcu.externaltools.gnu-tools-for-stm32.12.3.rel1.win32_1.0.100.202403111256/tools/bin/../lib/gcc/arm-none-eabi/12.3.1/../../../../arm-none-eabi/lib/thumb/v7e-m+fp/hard\libc_nano.a
LOAD C:/ST/STM32CubeIDE_1.15.0/STM32CubeIDE/plugins/com.st.stm32cube.ide.mcu.externaltools.gnu-tools-for-stm32.12.3.rel1.win32_1.0.100.202403111256/tools/bin/../lib/gcc/arm-none-eabi/12.3.1/../../../../arm-none-eabi/lib/thumb/v7e-m+fp/hard\libnosys.a
END GROUP
START GROUP
LOAD C:/ST/STM32CubeIDE_1.15.0/STM32CubeIDE/plugins/com.st.stm32cube.ide.mcu.externaltools.gnu-tools-for-stm32.12.3.rel1.win32_1.0.100.202403111256/tools/bin/../lib/gcc/arm-none-eabi/12.3.1/thumb/v7e-m+fp/hard\libgcc.a
LOAD C:/ST/STM32CubeIDE_1.15.0/STM32CubeIDE/plugins/com.st.stm32cube.ide.mcu.externaltools.gnu-tools-for-stm32.12.3.rel1.win32_1.0.100.202403111256/tools/bin/../lib/gcc/arm-none-eabi/12.3.1/../../../../arm-none-eabi/lib/thumb/v7e-m+fp/hard\libc_nano.a
LOAD C:/ST/STM32CubeIDE_1.15.0/STM32CubeIDE/plugins/com.st.stm32cube.ide.mcu.externaltools.gnu-tools-for-stm32.12.3.rel1.win32_1.0.100.202403111256/tools/bin/../lib/gcc/arm-none-eabi/12.3.1/../../../../arm-none-eabi/lib/thumb/v7e-m+fp/hard\libnosys.a
END GROUP
LOAD C:/ST/STM32CubeIDE_1.15.0/STM32CubeIDE/plugins/com.st.stm32cube.ide.mcu.externaltools.gnu-tools-for-stm32.12.3.rel1.win32_1.0.100.202403111256/tools/bin/../lib/gcc/arm-none-eabi/12.3.1/thumb/v7e-m+fp/hard/crtend.o
LOAD C:/ST/STM32CubeIDE_1.15.0/STM32CubeIDE/plugins/com.st.stm32cube.ide.mcu.externaltools.gnu-tools-for-stm32.12.3.rel1.win32_1.0.100.202403111256/tools/bin/../lib/gcc/arm-none-eabi/12.3.1/thumb/v7e-m+fp/hard/crtn.o
                0x20030000                        _estack = (ORIGIN (RAM) + LENGTH (RAM))
                0x00000200                        _Min_Heap_Size = 0x200
                0x00000400                        _Min_Stack_Size = 0x400

.isr_vector     0x08000000      0x1ac
                0x08000000                        . = ALIGN (0x4)
 *(.isr_vector)
 .isr_vector    0x08000000      0x1ac ./Core/Startup/startup_stm32f427iihx.o
                0x08000000                g_pfnVectors
                0x080001ac                        . = ALIGN (0x4)

.text           0x080001ac     0x43f4
                0x080001ac                        . = ALIGN (0x4)
 *(.text)
 .text          0x080001ac       0x40 C:/ST/STM32CubeIDE_1.15.0/STM32CubeIDE/plugins/com.st.stm32cube.ide.mcu.externaltools.gnu-tools-for-stm32.12.3.rel1.win32_1.0.100.202403111256/tools/bin/../lib/gcc/arm-none-eabi/12.3.1/thumb/v7e-m+fp/hard/crtbegin.o
 .text          0x080001ec       0x30 C:/ST/STM32CubeIDE_1.15.0/STM32CubeIDE/plugins/com.st.stm32cube.ide.mcu.externaltools.gnu-tools-for-stm32.12.3.rel1.win32_1.0.100.202403111256/tools/bin/../lib/gcc/arm-none-eabi/12.3.1/thumb/v7e-m+fp/hard\libgcc.a(_aeabi_uldivmod.o)
                0x080001ec                __aeabi_uldivmod
 .text          0x0800021c      0x2bc C:/ST/STM32CubeIDE_1.15.0/STM32CubeIDE/plugins/com.st.stm32cube.ide.mcu.externaltools.gnu-tools-for-stm32.12.3.rel1.win32_1.0.100.202403111256/tools/bin/../lib/gcc/arm-none-eabi/12.3.1/thumb/v7e-m+fp/hard\libgcc.a(_udivmoddi4.o)
                0x0800021c                __udivmoddi4
 .text          0x080004d8        0x4 C:/ST/STM32CubeIDE_1.15.0/STM32CubeIDE/plugins/com.st.stm32cube.ide.mcu.externaltools.gnu-tools-for-stm32.12.3.rel1.win32_1.0.100.202403111256/tools/bin/../lib/gcc/arm-none-eabi/12.3.1/thumb/v7e-m+fp/hard\libgcc.a(_dvmd_tls.o)
                0x080004d8                __aeabi_idiv0
                0x080004d8                __aeabi_ldiv0
 *(.text*)
 .text.CAN1_START_IRQ
                0x080004dc       0x4c ./Core/Src/USR_CAN.o
                0x080004dc                CAN1_START_IRQ
 .text.HAL_CAN_RxFifo0FullCallback
                0x08000528       0xb4 ./Core/Src/USR_CAN.o
                0x08000528                HAL_CAN_RxFifo0FullCallback
 .text.Motor_ResolveFeedbackData
                0x080005dc       0xd8 ./Core/Src/USR_CAN.o
                0x080005dc                Motor_ResolveFeedbackData
 .text.Motor_GetInitPosition
                0x080006b4       0x38 ./Core/Src/USR_CAN.o
                0x080006b4                Motor_GetInitPosition
 .text.Motor_SendCmd
                0x080006ec       0x6c ./Core/Src/USR_CAN.o
                0x080006ec                Motor_SendCmd
 .text.abs_limit
                0x08000758       0x5a ./Core/Src/USR_PID.o
                0x08000758                abs_limit
 .text.pid_param_init
                0x080007b2       0x42 ./Core/Src/USR_PID.o
 .text.pid_reset
                0x080007f4       0x32 ./Core/Src/USR_PID.o
 .text.PID_Calculate
                0x08000826      0x1aa ./Core/Src/USR_PID.o
                0x08000826                PID_Calculate
 .text.PID_StructInit
                0x080009d0       0x4c ./Core/Src/USR_PID.o
                0x080009d0                PID_StructInit
 .text.iBUS_Start_RxIT
                0x08000a1c       0x1c ./Core/Src/USR_RC.o
                0x08000a1c                iBUS_Start_RxIT
 .text.HAL_UART_RxCpltCallback
                0x08000a38       0x60 ./Core/Src/USR_RC.o
                0x08000a38                HAL_UART_RxCpltCallback
 .text.IBUS_ResolveData
                0x08000a98       0xe0 ./Core/Src/USR_RC.o
                0x08000a98                IBUS_ResolveData
 .text.main     0x08000b78      0x158 ./Core/Src/main.o
                0x08000b78                main
 .text.SystemClock_Config
                0x08000cd0       0xe4 ./Core/Src/main.o
                0x08000cd0                SystemClock_Config
 .text.MX_NVIC_Init
                0x08000db4       0x38 ./Core/Src/main.o
 .text.MX_CAN1_Init
                0x08000dec       0xac ./Core/Src/main.o
 .text.MX_CRC_Init
                0x08000e98       0x28 ./Core/Src/main.o
 .text.MX_UART7_Init
                0x08000ec0       0x54 ./Core/Src/main.o
 .text.MX_GPIO_Init
                0x08000f14      0x3cc ./Core/Src/main.o
 .text.Error_Handler
                0x080012e0       0x48 ./Core/Src/main.o
                0x080012e0                Error_Handler
 .text.HAL_MspInit
                0x08001328       0x50 ./Core/Src/stm32f4xx_hal_msp.o
                0x08001328                HAL_MspInit
 .text.HAL_CAN_MspInit
                0x08001378       0x90 ./Core/Src/stm32f4xx_hal_msp.o
                0x08001378                HAL_CAN_MspInit
 .text.HAL_CRC_MspInit
                0x08001408       0x44 ./Core/Src/stm32f4xx_hal_msp.o
                0x08001408                HAL_CRC_MspInit
 .text.HAL_UART_MspInit
                0x0800144c       0xa0 ./Core/Src/stm32f4xx_hal_msp.o
                0x0800144c                HAL_UART_MspInit
 .text.NMI_Handler
                0x080014ec        0x8 ./Core/Src/stm32f4xx_it.o
                0x080014ec                NMI_Handler
 .text.HardFault_Handler
                0x080014f4        0x8 ./Core/Src/stm32f4xx_it.o
                0x080014f4                HardFault_Handler
 .text.MemManage_Handler
                0x080014fc        0x8 ./Core/Src/stm32f4xx_it.o
                0x080014fc                MemManage_Handler
 .text.BusFault_Handler
                0x08001504        0x8 ./Core/Src/stm32f4xx_it.o
                0x08001504                BusFault_Handler
 .text.UsageFault_Handler
                0x0800150c        0x8 ./Core/Src/stm32f4xx_it.o
                0x0800150c                UsageFault_Handler
 .text.SVC_Handler
                0x08001514        0xe ./Core/Src/stm32f4xx_it.o
                0x08001514                SVC_Handler
 .text.DebugMon_Handler
                0x08001522        0xe ./Core/Src/stm32f4xx_it.o
                0x08001522                DebugMon_Handler
 .text.PendSV_Handler
                0x08001530        0xe ./Core/Src/stm32f4xx_it.o
                0x08001530                PendSV_Handler
 .text.SysTick_Handler
                0x0800153e        0xc ./Core/Src/stm32f4xx_it.o
                0x0800153e                SysTick_Handler
 *fill*         0x0800154a        0x2 
 .text.CAN1_TX_IRQHandler
                0x0800154c       0x14 ./Core/Src/stm32f4xx_it.o
                0x0800154c                CAN1_TX_IRQHandler
 .text.CAN1_RX0_IRQHandler
                0x08001560       0x14 ./Core/Src/stm32f4xx_it.o
                0x08001560                CAN1_RX0_IRQHandler
 .text.CAN1_RX1_IRQHandler
                0x08001574       0x14 ./Core/Src/stm32f4xx_it.o
                0x08001574                CAN1_RX1_IRQHandler
 .text.UART7_IRQHandler
                0x08001588       0x14 ./Core/Src/stm32f4xx_it.o
                0x08001588                UART7_IRQHandler
 .text.SystemInit
                0x0800159c       0x24 ./Core/Src/system_stm32f4xx.o
                0x0800159c                SystemInit
 .text.Reset_Handler
                0x080015c0       0x50 ./Core/Startup/startup_stm32f427iihx.o
                0x080015c0                Reset_Handler
 .text.Default_Handler
                0x08001610        0x2 ./Core/Startup/startup_stm32f427iihx.o
                0x08001610                RTC_Alarm_IRQHandler
                0x08001610                HASH_RNG_IRQHandler
                0x08001610                EXTI2_IRQHandler
                0x08001610                TIM8_CC_IRQHandler
                0x08001610                UART8_IRQHandler
                0x08001610                SPI4_IRQHandler
                0x08001610                TIM1_CC_IRQHandler
                0x08001610                DMA2_Stream5_IRQHandler
                0x08001610                DMA1_Stream5_IRQHandler
                0x08001610                PVD_IRQHandler
                0x08001610                SDIO_IRQHandler
                0x08001610                TAMP_STAMP_IRQHandler
                0x08001610                CAN2_RX1_IRQHandler
                0x08001610                EXTI3_IRQHandler
                0x08001610                TIM8_TRG_COM_TIM14_IRQHandler
                0x08001610                TIM1_UP_TIM10_IRQHandler
                0x08001610                TIM8_UP_TIM13_IRQHandler
                0x08001610                I2C3_ER_IRQHandler
                0x08001610                EXTI0_IRQHandler
                0x08001610                I2C2_EV_IRQHandler
                0x08001610                DMA1_Stream2_IRQHandler
                0x08001610                FPU_IRQHandler
                0x08001610                OTG_HS_WKUP_IRQHandler
                0x08001610                CAN2_SCE_IRQHandler
                0x08001610                DMA2_Stream2_IRQHandler
                0x08001610                SPI1_IRQHandler
                0x08001610                TIM6_DAC_IRQHandler
                0x08001610                TIM1_BRK_TIM9_IRQHandler
                0x08001610                DCMI_IRQHandler
                0x08001610                CAN2_RX0_IRQHandler
                0x08001610                DMA2_Stream3_IRQHandler
                0x08001610                USART6_IRQHandler
                0x08001610                USART3_IRQHandler
                0x08001610                UART5_IRQHandler
                0x08001610                DMA2_Stream0_IRQHandler
                0x08001610                TIM4_IRQHandler
                0x08001610                I2C1_EV_IRQHandler
                0x08001610                DMA1_Stream6_IRQHandler
                0x08001610                DMA1_Stream1_IRQHandler
                0x08001610                UART4_IRQHandler
                0x08001610                TIM3_IRQHandler
                0x08001610                RCC_IRQHandler
                0x08001610                TIM8_BRK_TIM12_IRQHandler
                0x08001610                Default_Handler
                0x08001610                EXTI15_10_IRQHandler
                0x08001610                ADC_IRQHandler
                0x08001610                DMA1_Stream7_IRQHandler
                0x08001610                SPI5_IRQHandler
                0x08001610                TIM7_IRQHandler
                0x08001610                CAN2_TX_IRQHandler
                0x08001610                TIM5_IRQHandler
                0x08001610                DMA2_Stream7_IRQHandler
                0x08001610                I2C3_EV_IRQHandler
                0x08001610                EXTI9_5_IRQHandler
                0x08001610                RTC_WKUP_IRQHandler
                0x08001610                ETH_WKUP_IRQHandler
                0x08001610                SPI2_IRQHandler
                0x08001610                OTG_HS_EP1_IN_IRQHandler
                0x08001610                DMA1_Stream0_IRQHandler
                0x08001610                EXTI4_IRQHandler
                0x08001610                ETH_IRQHandler
                0x08001610                OTG_HS_EP1_OUT_IRQHandler
                0x08001610                WWDG_IRQHandler
                0x08001610                SPI6_IRQHandler
                0x08001610                TIM2_IRQHandler
                0x08001610                OTG_FS_WKUP_IRQHandler
                0x08001610                TIM1_TRG_COM_TIM11_IRQHandler
                0x08001610                OTG_HS_IRQHandler
                0x08001610                DMA2D_IRQHandler
                0x08001610                EXTI1_IRQHandler
                0x08001610                USART2_IRQHandler
                0x08001610                I2C2_ER_IRQHandler
                0x08001610                DMA2_Stream1_IRQHandler
                0x08001610                CAN1_SCE_IRQHandler
                0x08001610                FLASH_IRQHandler
                0x08001610                DMA2_Stream4_IRQHandler
                0x08001610                USART1_IRQHandler
                0x08001610                OTG_FS_IRQHandler
                0x08001610                SPI3_IRQHandler
                0x08001610                DMA1_Stream4_IRQHandler
                0x08001610                I2C1_ER_IRQHandler
                0x08001610                FMC_IRQHandler
                0x08001610                DMA2_Stream6_IRQHandler
                0x08001610                SAI1_IRQHandler
                0x08001610                DMA1_Stream3_IRQHandler
 *fill*         0x08001612        0x2 
 .text.HAL_Init
                0x08001614       0x44 ./Drivers/STM32F4xx_HAL_Driver/Src/stm32f4xx_hal.o
                0x08001614                HAL_Init
 .text.HAL_InitTick
                0x08001658       0x60 ./Drivers/STM32F4xx_HAL_Driver/Src/stm32f4xx_hal.o
                0x08001658                HAL_InitTick
 .text.HAL_IncTick
                0x080016b8       0x28 ./Drivers/STM32F4xx_HAL_Driver/Src/stm32f4xx_hal.o
                0x080016b8                HAL_IncTick
 .text.HAL_GetTick
                0x080016e0       0x18 ./Drivers/STM32F4xx_HAL_Driver/Src/stm32f4xx_hal.o
                0x080016e0                HAL_GetTick
 .text.HAL_Delay
                0x080016f8       0x48 ./Drivers/STM32F4xx_HAL_Driver/Src/stm32f4xx_hal.o
                0x080016f8                HAL_Delay
 .text.HAL_CAN_Init
                0x08001740      0x1f6 ./Drivers/STM32F4xx_HAL_Driver/Src/stm32f4xx_hal_can.o
                0x08001740                HAL_CAN_Init
 *fill*         0x08001936        0x2 
 .text.HAL_CAN_ConfigFilter
                0x08001938      0x1c0 ./Drivers/STM32F4xx_HAL_Driver/Src/stm32f4xx_hal_can.o
                0x08001938                HAL_CAN_ConfigFilter
 .text.HAL_CAN_Start
                0x08001af8       0x88 ./Drivers/STM32F4xx_HAL_Driver/Src/stm32f4xx_hal_can.o
                0x08001af8                HAL_CAN_Start
 .text.HAL_CAN_AddTxMessage
                0x08001b80      0x1a0 ./Drivers/STM32F4xx_HAL_Driver/Src/stm32f4xx_hal_can.o
                0x08001b80                HAL_CAN_AddTxMessage
 .text.HAL_CAN_GetRxMessage
                0x08001d20      0x244 ./Drivers/STM32F4xx_HAL_Driver/Src/stm32f4xx_hal_can.o
                0x08001d20                HAL_CAN_GetRxMessage
 .text.HAL_CAN_ActivateNotification
                0x08001f64       0x4c ./Drivers/STM32F4xx_HAL_Driver/Src/stm32f4xx_hal_can.o
                0x08001f64                HAL_CAN_ActivateNotification
 .text.HAL_CAN_IRQHandler
                0x08001fb0      0x36e ./Drivers/STM32F4xx_HAL_Driver/Src/stm32f4xx_hal_can.o
                0x08001fb0                HAL_CAN_IRQHandler
 .text.HAL_CAN_TxMailbox0CompleteCallback
                0x0800231e       0x14 ./Drivers/STM32F4xx_HAL_Driver/Src/stm32f4xx_hal_can.o
                0x0800231e                HAL_CAN_TxMailbox0CompleteCallback
 .text.HAL_CAN_TxMailbox1CompleteCallback
                0x08002332       0x14 ./Drivers/STM32F4xx_HAL_Driver/Src/stm32f4xx_hal_can.o
                0x08002332                HAL_CAN_TxMailbox1CompleteCallback
 .text.HAL_CAN_TxMailbox2CompleteCallback
                0x08002346       0x14 ./Drivers/STM32F4xx_HAL_Driver/Src/stm32f4xx_hal_can.o
                0x08002346                HAL_CAN_TxMailbox2CompleteCallback
 .text.HAL_CAN_TxMailbox0AbortCallback
                0x0800235a       0x14 ./Drivers/STM32F4xx_HAL_Driver/Src/stm32f4xx_hal_can.o
                0x0800235a                HAL_CAN_TxMailbox0AbortCallback
 .text.HAL_CAN_TxMailbox1AbortCallback
                0x0800236e       0x14 ./Drivers/STM32F4xx_HAL_Driver/Src/stm32f4xx_hal_can.o
                0x0800236e                HAL_CAN_TxMailbox1AbortCallback
 .text.HAL_CAN_TxMailbox2AbortCallback
                0x08002382       0x14 ./Drivers/STM32F4xx_HAL_Driver/Src/stm32f4xx_hal_can.o
                0x08002382                HAL_CAN_TxMailbox2AbortCallback
 .text.HAL_CAN_RxFifo0MsgPendingCallback
                0x08002396       0x14 ./Drivers/STM32F4xx_HAL_Driver/Src/stm32f4xx_hal_can.o
                0x08002396                HAL_CAN_RxFifo0MsgPendingCallback
 .text.HAL_CAN_RxFifo1MsgPendingCallback
                0x080023aa       0x14 ./Drivers/STM32F4xx_HAL_Driver/Src/stm32f4xx_hal_can.o
                0x080023aa                HAL_CAN_RxFifo1MsgPendingCallback
 .text.HAL_CAN_RxFifo1FullCallback
                0x080023be       0x14 ./Drivers/STM32F4xx_HAL_Driver/Src/stm32f4xx_hal_can.o
                0x080023be                HAL_CAN_RxFifo1FullCallback
 .text.HAL_CAN_SleepCallback
                0x080023d2       0x14 ./Drivers/STM32F4xx_HAL_Driver/Src/stm32f4xx_hal_can.o
                0x080023d2                HAL_CAN_SleepCallback
 .text.HAL_CAN_WakeUpFromRxMsgCallback
                0x080023e6       0x14 ./Drivers/STM32F4xx_HAL_Driver/Src/stm32f4xx_hal_can.o
                0x080023e6                HAL_CAN_WakeUpFromRxMsgCallback
 .text.HAL_CAN_ErrorCallback
                0x080023fa       0x14 ./Drivers/STM32F4xx_HAL_Driver/Src/stm32f4xx_hal_can.o
                0x080023fa                HAL_CAN_ErrorCallback
 *fill*         0x0800240e        0x2 
 .text.__NVIC_SetPriorityGrouping
                0x08002410       0x48 ./Drivers/STM32F4xx_HAL_Driver/Src/stm32f4xx_hal_cortex.o
 .text.__NVIC_GetPriorityGrouping
                0x08002458       0x1c ./Drivers/STM32F4xx_HAL_Driver/Src/stm32f4xx_hal_cortex.o
 .text.__NVIC_EnableIRQ
                0x08002474       0x3c ./Drivers/STM32F4xx_HAL_Driver/Src/stm32f4xx_hal_cortex.o
 .text.__NVIC_SetPriority
                0x080024b0       0x54 ./Drivers/STM32F4xx_HAL_Driver/Src/stm32f4xx_hal_cortex.o
 .text.NVIC_EncodePriority
                0x08002504       0x66 ./Drivers/STM32F4xx_HAL_Driver/Src/stm32f4xx_hal_cortex.o
 *fill*         0x0800256a        0x2 
 .text.SysTick_Config
                0x0800256c       0x44 ./Drivers/STM32F4xx_HAL_Driver/Src/stm32f4xx_hal_cortex.o
 .text.HAL_NVIC_SetPriorityGrouping
                0x080025b0       0x16 ./Drivers/STM32F4xx_HAL_Driver/Src/stm32f4xx_hal_cortex.o
                0x080025b0                HAL_NVIC_SetPriorityGrouping
 .text.HAL_NVIC_SetPriority
                0x080025c6       0x38 ./Drivers/STM32F4xx_HAL_Driver/Src/stm32f4xx_hal_cortex.o
                0x080025c6                HAL_NVIC_SetPriority
 .text.HAL_NVIC_EnableIRQ
                0x080025fe       0x1c ./Drivers/STM32F4xx_HAL_Driver/Src/stm32f4xx_hal_cortex.o
                0x080025fe                HAL_NVIC_EnableIRQ
 .text.HAL_SYSTICK_Config
                0x0800261a       0x18 ./Drivers/STM32F4xx_HAL_Driver/Src/stm32f4xx_hal_cortex.o
                0x0800261a                HAL_SYSTICK_Config
 .text.HAL_CRC_Init
                0x08002632       0x38 ./Drivers/STM32F4xx_HAL_Driver/Src/stm32f4xx_hal_crc.o
                0x08002632                HAL_CRC_Init
 .text.HAL_DMA_Abort
                0x0800266a       0xe0 ./Drivers/STM32F4xx_HAL_Driver/Src/stm32f4xx_hal_dma.o
                0x0800266a                HAL_DMA_Abort
 .text.HAL_DMA_Abort_IT
                0x0800274a       0x44 ./Drivers/STM32F4xx_HAL_Driver/Src/stm32f4xx_hal_dma.o
                0x0800274a                HAL_DMA_Abort_IT
 *fill*         0x0800278e        0x2 
 .text.HAL_GPIO_Init
                0x08002790      0x358 ./Drivers/STM32F4xx_HAL_Driver/Src/stm32f4xx_hal_gpio.o
                0x08002790                HAL_GPIO_Init
 .text.HAL_GPIO_WritePin
                0x08002ae8       0x32 ./Drivers/STM32F4xx_HAL_Driver/Src/stm32f4xx_hal_gpio.o
                0x08002ae8                HAL_GPIO_WritePin
 *fill*         0x08002b1a        0x2 
 .text.HAL_PWREx_EnableOverDrive
                0x08002b1c       0xa0 ./Drivers/STM32F4xx_HAL_Driver/Src/stm32f4xx_hal_pwr_ex.o
                0x08002b1c                HAL_PWREx_EnableOverDrive
 .text.HAL_RCC_OscConfig
                0x08002bbc      0x4f0 ./Drivers/STM32F4xx_HAL_Driver/Src/stm32f4xx_hal_rcc.o
                0x08002bbc                HAL_RCC_OscConfig
 .text.HAL_RCC_ClockConfig
                0x080030ac      0x1cc ./Drivers/STM32F4xx_HAL_Driver/Src/stm32f4xx_hal_rcc.o
                0x080030ac                HAL_RCC_ClockConfig
 .text.HAL_RCC_GetSysClockFreq
                0x08003278      0x18c ./Drivers/STM32F4xx_HAL_Driver/Src/stm32f4xx_hal_rcc.o
                0x08003278                HAL_RCC_GetSysClockFreq
 .text.HAL_RCC_GetHCLKFreq
                0x08003404       0x18 ./Drivers/STM32F4xx_HAL_Driver/Src/stm32f4xx_hal_rcc.o
                0x08003404                HAL_RCC_GetHCLKFreq
 .text.HAL_RCC_GetPCLK1Freq
                0x0800341c       0x28 ./Drivers/STM32F4xx_HAL_Driver/Src/stm32f4xx_hal_rcc.o
                0x0800341c                HAL_RCC_GetPCLK1Freq
 .text.HAL_RCC_GetPCLK2Freq
                0x08003444       0x28 ./Drivers/STM32F4xx_HAL_Driver/Src/stm32f4xx_hal_rcc.o
                0x08003444                HAL_RCC_GetPCLK2Freq
 .text.HAL_UART_Init
                0x0800346c       0xa0 ./Drivers/STM32F4xx_HAL_Driver/Src/stm32f4xx_hal_uart.o
                0x0800346c                HAL_UART_Init
 .text.HAL_UART_Receive
                0x0800350c      0x12e ./Drivers/STM32F4xx_HAL_Driver/Src/stm32f4xx_hal_uart.o
                0x0800350c                HAL_UART_Receive
 .text.HAL_UART_Receive_IT
                0x0800363a       0x4a ./Drivers/STM32F4xx_HAL_Driver/Src/stm32f4xx_hal_uart.o
                0x0800363a                HAL_UART_Receive_IT
 .text.HAL_UART_IRQHandler
                0x08003684      0x524 ./Drivers/STM32F4xx_HAL_Driver/Src/stm32f4xx_hal_uart.o
                0x08003684                HAL_UART_IRQHandler
 .text.HAL_UART_TxCpltCallback
                0x08003ba8       0x14 ./Drivers/STM32F4xx_HAL_Driver/Src/stm32f4xx_hal_uart.o
                0x08003ba8                HAL_UART_TxCpltCallback
 .text.HAL_UART_ErrorCallback
                0x08003bbc       0x14 ./Drivers/STM32F4xx_HAL_Driver/Src/stm32f4xx_hal_uart.o
                0x08003bbc                HAL_UART_ErrorCallback
 .text.HAL_UARTEx_RxEventCallback
                0x08003bd0       0x18 ./Drivers/STM32F4xx_HAL_Driver/Src/stm32f4xx_hal_uart.o
                0x08003bd0                HAL_UARTEx_RxEventCallback
 .text.UART_WaitOnFlagUntilTimeout
                0x08003be8       0xb2 ./Drivers/STM32F4xx_HAL_Driver/Src/stm32f4xx_hal_uart.o
 .text.UART_Start_Receive_IT
                0x08003c9a       0x74 ./Drivers/STM32F4xx_HAL_Driver/Src/stm32f4xx_hal_uart.o
                0x08003c9a                UART_Start_Receive_IT
 .text.UART_EndRxTransfer
                0x08003d0e       0xc6 ./Drivers/STM32F4xx_HAL_Driver/Src/stm32f4xx_hal_uart.o
 .text.UART_DMAAbortOnError
                0x08003dd4       0x28 ./Drivers/STM32F4xx_HAL_Driver/Src/stm32f4xx_hal_uart.o
 .text.UART_Transmit_IT
                0x08003dfc       0xa0 ./Drivers/STM32F4xx_HAL_Driver/Src/stm32f4xx_hal_uart.o
 .text.UART_EndTransmit_IT
                0x08003e9c       0x30 ./Drivers/STM32F4xx_HAL_Driver/Src/stm32f4xx_hal_uart.o
 .text.UART_Receive_IT
                0x08003ecc      0x17c ./Drivers/STM32F4xx_HAL_Driver/Src/stm32f4xx_hal_uart.o
 .text.UART_SetConfig
                0x08004048      0x4e8 ./Drivers/STM32F4xx_HAL_Driver/Src/stm32f4xx_hal_uart.o
 .text.memset   0x08004530       0x10 C:/ST/STM32CubeIDE_1.15.0/STM32CubeIDE/plugins/com.st.stm32cube.ide.mcu.externaltools.gnu-tools-for-stm32.12.3.rel1.win32_1.0.100.202403111256/tools/bin/../lib/gcc/arm-none-eabi/12.3.1/../../../../arm-none-eabi/lib/thumb/v7e-m+fp/hard\libc_nano.a(libc_a-memset.o)
                0x08004530                memset
 .text.__libc_init_array
                0x08004540       0x48 C:/ST/STM32CubeIDE_1.15.0/STM32CubeIDE/plugins/com.st.stm32cube.ide.mcu.externaltools.gnu-tools-for-stm32.12.3.rel1.win32_1.0.100.202403111256/tools/bin/../lib/gcc/arm-none-eabi/12.3.1/../../../../arm-none-eabi/lib/thumb/v7e-m+fp/hard\libc_nano.a(libc_a-init.o)
                0x08004540                __libc_init_array
 *(.glue_7)
 .glue_7        0x08004588        0x0 linker stubs
 *(.glue_7t)
 .glue_7t       0x08004588        0x0 linker stubs
 *(.eh_frame)
 .eh_frame      0x08004588        0x0 C:/ST/STM32CubeIDE_1.15.0/STM32CubeIDE/plugins/com.st.stm32cube.ide.mcu.externaltools.gnu-tools-for-stm32.12.3.rel1.win32_1.0.100.202403111256/tools/bin/../lib/gcc/arm-none-eabi/12.3.1/thumb/v7e-m+fp/hard/crtbegin.o
 *(.init)
 .init          0x08004588        0x4 C:/ST/STM32CubeIDE_1.15.0/STM32CubeIDE/plugins/com.st.stm32cube.ide.mcu.externaltools.gnu-tools-for-stm32.12.3.rel1.win32_1.0.100.202403111256/tools/bin/../lib/gcc/arm-none-eabi/12.3.1/thumb/v7e-m+fp/hard/crti.o
                0x08004588                _init
 .init          0x0800458c        0x8 C:/ST/STM32CubeIDE_1.15.0/STM32CubeIDE/plugins/com.st.stm32cube.ide.mcu.externaltools.gnu-tools-for-stm32.12.3.rel1.win32_1.0.100.202403111256/tools/bin/../lib/gcc/arm-none-eabi/12.3.1/thumb/v7e-m+fp/hard/crtn.o
 *(.fini)
 .fini          0x08004594        0x4 C:/ST/STM32CubeIDE_1.15.0/STM32CubeIDE/plugins/com.st.stm32cube.ide.mcu.externaltools.gnu-tools-for-stm32.12.3.rel1.win32_1.0.100.202403111256/tools/bin/../lib/gcc/arm-none-eabi/12.3.1/thumb/v7e-m+fp/hard/crti.o
                0x08004594                _fini
 .fini          0x08004598        0x8 C:/ST/STM32CubeIDE_1.15.0/STM32CubeIDE/plugins/com.st.stm32cube.ide.mcu.externaltools.gnu-tools-for-stm32.12.3.rel1.win32_1.0.100.202403111256/tools/bin/../lib/gcc/arm-none-eabi/12.3.1/thumb/v7e-m+fp/hard/crtn.o
                0x080045a0                        . = ALIGN (0x4)
                0x080045a0                        _etext = .

.vfp11_veneer   0x080045a0        0x0
 .vfp11_veneer  0x080045a0        0x0 linker stubs

.v4_bx          0x080045a0        0x0
 .v4_bx         0x080045a0        0x0 linker stubs

.iplt           0x080045a0        0x0
 .iplt          0x080045a0        0x0 C:/ST/STM32CubeIDE_1.15.0/STM32CubeIDE/plugins/com.st.stm32cube.ide.mcu.externaltools.gnu-tools-for-stm32.12.3.rel1.win32_1.0.100.202403111256/tools/bin/../lib/gcc/arm-none-eabi/12.3.1/thumb/v7e-m+fp/hard/crtbegin.o

.rodata         0x080045a0       0x18
                0x080045a0                        . = ALIGN (0x4)
 *(.rodata)
 *(.rodata*)
 .rodata.AHBPrescTable
                0x080045a0       0x10 ./Core/Src/system_stm32f4xx.o
                0x080045a0                AHBPrescTable
 .rodata.APBPrescTable
                0x080045b0        0x8 ./Core/Src/system_stm32f4xx.o
                0x080045b0                APBPrescTable
                0x080045b8                        . = ALIGN (0x4)

.ARM.extab      0x080045b8        0x0
                0x080045b8                        . = ALIGN (0x4)
 *(.ARM.extab* .gnu.linkonce.armextab.*)
                0x080045b8                        . = ALIGN (0x4)

.ARM            0x080045b8        0x8
                0x080045b8                        . = ALIGN (0x4)
                0x080045b8                        __exidx_start = .
 *(.ARM.exidx*)
 .ARM.exidx     0x080045b8        0x8 C:/ST/STM32CubeIDE_1.15.0/STM32CubeIDE/plugins/com.st.stm32cube.ide.mcu.externaltools.gnu-tools-for-stm32.12.3.rel1.win32_1.0.100.202403111256/tools/bin/../lib/gcc/arm-none-eabi/12.3.1/thumb/v7e-m+fp/hard\libgcc.a(_udivmoddi4.o)
                0x080045c0                        __exidx_end = .
                0x080045c0                        . = ALIGN (0x4)

.preinit_array  0x080045c0        0x0
                0x080045c0                        . = ALIGN (0x4)
                0x080045c0                        PROVIDE (__preinit_array_start = .)
 *(.preinit_array*)
                0x080045c0                        PROVIDE (__preinit_array_end = .)
                0x080045c0                        . = ALIGN (0x4)

.init_array     0x080045c0        0x4
                0x080045c0                        . = ALIGN (0x4)
                0x080045c0                        PROVIDE (__init_array_start = .)
 *(SORT_BY_NAME(.init_array.*))
 *(.init_array*)
 .init_array    0x080045c0        0x4 C:/ST/STM32CubeIDE_1.15.0/STM32CubeIDE/plugins/com.st.stm32cube.ide.mcu.externaltools.gnu-tools-for-stm32.12.3.rel1.win32_1.0.100.202403111256/tools/bin/../lib/gcc/arm-none-eabi/12.3.1/thumb/v7e-m+fp/hard/crtbegin.o
                0x080045c4                        PROVIDE (__init_array_end = .)
                0x080045c4                        . = ALIGN (0x4)

.fini_array     0x080045c4        0x4
                0x080045c4                        . = ALIGN (0x4)
                [!provide]                        PROVIDE (__fini_array_start = .)
 *(SORT_BY_NAME(.fini_array.*))
 *(.fini_array*)
 .fini_array    0x080045c4        0x4 C:/ST/STM32CubeIDE_1.15.0/STM32CubeIDE/plugins/com.st.stm32cube.ide.mcu.externaltools.gnu-tools-for-stm32.12.3.rel1.win32_1.0.100.202403111256/tools/bin/../lib/gcc/arm-none-eabi/12.3.1/thumb/v7e-m+fp/hard/crtbegin.o
                [!provide]                        PROVIDE (__fini_array_end = .)
                0x080045c8                        . = ALIGN (0x4)
                0x080045c8                        _sidata = LOADADDR (.data)

.rel.dyn        0x080045c8        0x0
 .rel.iplt      0x080045c8        0x0 C:/ST/STM32CubeIDE_1.15.0/STM32CubeIDE/plugins/com.st.stm32cube.ide.mcu.externaltools.gnu-tools-for-stm32.12.3.rel1.win32_1.0.100.202403111256/tools/bin/../lib/gcc/arm-none-eabi/12.3.1/thumb/v7e-m+fp/hard/crtbegin.o

.data           0x20000000       0x10 load address 0x080045c8
                0x20000000                        . = ALIGN (0x4)
                0x20000000                        _sdata = .
 *(.data)
 *(.data*)
 .data.TxMailbox
                0x20000000        0x4 ./Core/Src/USR_CAN.o
 .data.SystemCoreClock
                0x20000004        0x4 ./Core/Src/system_stm32f4xx.o
                0x20000004                SystemCoreClock
 .data.uwTickPrio
                0x20000008        0x4 ./Drivers/STM32F4xx_HAL_Driver/Src/stm32f4xx_hal.o
                0x20000008                uwTickPrio
 .data.uwTickFreq
                0x2000000c        0x1 ./Drivers/STM32F4xx_HAL_Driver/Src/stm32f4xx_hal.o
                0x2000000c                uwTickFreq
 *(.RamFunc)
 *(.RamFunc*)
                0x20000010                        . = ALIGN (0x4)
 *fill*         0x2000000d        0x3 
                0x20000010                        _edata = .
                0x080045d8                        _siccmram = LOADADDR (.ccmram)

.igot.plt       0x20000010        0x0 load address 0x080045d8
 .igot.plt      0x20000010        0x0 C:/ST/STM32CubeIDE_1.15.0/STM32CubeIDE/plugins/com.st.stm32cube.ide.mcu.externaltools.gnu-tools-for-stm32.12.3.rel1.win32_1.0.100.202403111256/tools/bin/../lib/gcc/arm-none-eabi/12.3.1/thumb/v7e-m+fp/hard/crtbegin.o

.ccmram         0x10000000        0x0 load address 0x080045d8
                0x10000000                        . = ALIGN (0x4)
                0x10000000                        _sccmram = .
 *(.ccmram)
 *(.ccmram*)
                0x10000000                        . = ALIGN (0x4)
                0x10000000                        _eccmram = .
                0x10000000                        . = ALIGN (0x4)

.bss            0x20000010      0x200
                0x20000010                        _sbss = .
                0x20000010                        __bss_start__ = _sbss
 *(.bss)
 .bss           0x20000010       0x1c C:/ST/STM32CubeIDE_1.15.0/STM32CubeIDE/plugins/com.st.stm32cube.ide.mcu.externaltools.gnu-tools-for-stm32.12.3.rel1.win32_1.0.100.202403111256/tools/bin/../lib/gcc/arm-none-eabi/12.3.1/thumb/v7e-m+fp/hard/crtbegin.o
 *(.bss*)
 .bss.Motor     0x2000002c       0x38 ./Core/Src/USR_CAN.o
                0x2000002c                Motor
 .bss.TxHeader  0x20000064       0x18 ./Core/Src/USR_CAN.o
 .bss.TxData    0x2000007c        0x8 ./Core/Src/USR_CAN.o
 .bss.RxHeader.1
                0x20000084       0x1c ./Core/Src/USR_CAN.o
 .bss.RxData.0  0x200000a0        0x8 ./Core/Src/USR_CAN.o
 .bss.PID_MotorSpeed
                0x200000a8       0xb8 ./Core/Src/USR_PID.o
                0x200000a8                PID_MotorSpeed
 .bss.iBUS_UART_RxBuffer
                0x20000160       0x1e ./Core/Src/USR_RC.o
                0x20000160                iBUS_UART_RxBuffer
 .bss.iBUS_UART_RxHead_A
                0x2000017e        0x1 ./Core/Src/USR_RC.o
                0x2000017e                iBUS_UART_RxHead_A
 .bss.iBUS_UART_RxHead_B
                0x2000017f        0x1 ./Core/Src/USR_RC.o
                0x2000017f                iBUS_UART_RxHead_B
 .bss.iBUS_Channel
                0x20000180        0xc ./Core/Src/USR_RC.o
                0x20000180                iBUS_Channel
 .bss.hcan1     0x2000018c       0x28 ./Core/Src/main.o
                0x2000018c                hcan1
 .bss.hcrc      0x200001b4        0x8 ./Core/Src/main.o
                0x200001b4                hcrc
 .bss.huart7    0x200001bc       0x48 ./Core/Src/main.o
                0x200001bc                huart7
 .bss.TARGET_SPD.0
                0x20000204        0x8 ./Core/Src/main.o
 .bss.uwTick    0x2000020c        0x4 ./Drivers/STM32F4xx_HAL_Driver/Src/stm32f4xx_hal.o
                0x2000020c                uwTick
 *(COMMON)
                0x20000210                        . = ALIGN (0x4)
                0x20000210                        _ebss = .
                0x20000210                        __bss_end__ = _ebss

._user_heap_stack
                0x20000210      0x600
                0x20000210                        . = ALIGN (0x8)
                [!provide]                        PROVIDE (end = .)
                0x20000210                        PROVIDE (_end = .)
                0x20000410                        . = (. + _Min_Heap_Size)
 *fill*         0x20000210      0x200 
                0x20000810                        . = (. + _Min_Stack_Size)
 *fill*         0x20000410      0x400 
                0x20000810                        . = ALIGN (0x8)

/DISCARD/
 libc.a(*)
 libm.a(*)
 libgcc.a(*)

.ARM.attributes
                0x00000000       0x30
 *(.ARM.attributes)
 .ARM.attributes
                0x00000000       0x22 C:/ST/STM32CubeIDE_1.15.0/STM32CubeIDE/plugins/com.st.stm32cube.ide.mcu.externaltools.gnu-tools-for-stm32.12.3.rel1.win32_1.0.100.202403111256/tools/bin/../lib/gcc/arm-none-eabi/12.3.1/thumb/v7e-m+fp/hard/crti.o
 .ARM.attributes
                0x00000022       0x34 C:/ST/STM32CubeIDE_1.15.0/STM32CubeIDE/plugins/com.st.stm32cube.ide.mcu.externaltools.gnu-tools-for-stm32.12.3.rel1.win32_1.0.100.202403111256/tools/bin/../lib/gcc/arm-none-eabi/12.3.1/thumb/v7e-m+fp/hard/crtbegin.o
 .ARM.attributes
                0x00000056       0x34 ./Core/Src/USR_CAN.o
 .ARM.attributes
                0x0000008a       0x34 ./Core/Src/USR_PID.o
 .ARM.attributes
                0x000000be       0x34 ./Core/Src/USR_RC.o
 .ARM.attributes
                0x000000f2       0x34 ./Core/Src/main.o
 .ARM.attributes
                0x00000126       0x34 ./Core/Src/stm32f4xx_hal_msp.o
 .ARM.attributes
                0x0000015a       0x34 ./Core/Src/stm32f4xx_it.o
 .ARM.attributes
                0x0000018e       0x34 ./Core/Src/system_stm32f4xx.o
 .ARM.attributes
                0x000001c2       0x21 ./Core/Startup/startup_stm32f427iihx.o
 .ARM.attributes
                0x000001e3       0x34 ./Drivers/STM32F4xx_HAL_Driver/Src/stm32f4xx_hal.o
 .ARM.attributes
                0x00000217       0x34 ./Drivers/STM32F4xx_HAL_Driver/Src/stm32f4xx_hal_can.o
 .ARM.attributes
                0x0000024b       0x34 ./Drivers/STM32F4xx_HAL_Driver/Src/stm32f4xx_hal_cortex.o
 .ARM.attributes
                0x0000027f       0x34 ./Drivers/STM32F4xx_HAL_Driver/Src/stm32f4xx_hal_crc.o
 .ARM.attributes
                0x000002b3       0x34 ./Drivers/STM32F4xx_HAL_Driver/Src/stm32f4xx_hal_dma.o
 .ARM.attributes
                0x000002e7       0x34 ./Drivers/STM32F4xx_HAL_Driver/Src/stm32f4xx_hal_gpio.o
 .ARM.attributes
                0x0000031b       0x34 ./Drivers/STM32F4xx_HAL_Driver/Src/stm32f4xx_hal_pwr_ex.o
 .ARM.attributes
                0x0000034f       0x34 ./Drivers/STM32F4xx_HAL_Driver/Src/stm32f4xx_hal_rcc.o
 .ARM.attributes
                0x00000383       0x34 ./Drivers/STM32F4xx_HAL_Driver/Src/stm32f4xx_hal_uart.o
 .ARM.attributes
                0x000003b7       0x34 C:/ST/STM32CubeIDE_1.15.0/STM32CubeIDE/plugins/com.st.stm32cube.ide.mcu.externaltools.gnu-tools-for-stm32.12.3.rel1.win32_1.0.100.202403111256/tools/bin/../lib/gcc/arm-none-eabi/12.3.1/../../../../arm-none-eabi/lib/thumb/v7e-m+fp/hard\libc_nano.a(libc_a-memset.o)
 .ARM.attributes
                0x000003eb       0x34 C:/ST/STM32CubeIDE_1.15.0/STM32CubeIDE/plugins/com.st.stm32cube.ide.mcu.externaltools.gnu-tools-for-stm32.12.3.rel1.win32_1.0.100.202403111256/tools/bin/../lib/gcc/arm-none-eabi/12.3.1/../../../../arm-none-eabi/lib/thumb/v7e-m+fp/hard\libc_nano.a(libc_a-init.o)
 .ARM.attributes
                0x0000041f       0x22 C:/ST/STM32CubeIDE_1.15.0/STM32CubeIDE/plugins/com.st.stm32cube.ide.mcu.externaltools.gnu-tools-for-stm32.12.3.rel1.win32_1.0.100.202403111256/tools/bin/../lib/gcc/arm-none-eabi/12.3.1/thumb/v7e-m+fp/hard\libgcc.a(_aeabi_uldivmod.o)
 .ARM.attributes
                0x00000441       0x34 C:/ST/STM32CubeIDE_1.15.0/STM32CubeIDE/plugins/com.st.stm32cube.ide.mcu.externaltools.gnu-tools-for-stm32.12.3.rel1.win32_1.0.100.202403111256/tools/bin/../lib/gcc/arm-none-eabi/12.3.1/thumb/v7e-m+fp/hard\libgcc.a(_udivmoddi4.o)
 .ARM.attributes
                0x00000475       0x22 C:/ST/STM32CubeIDE_1.15.0/STM32CubeIDE/plugins/com.st.stm32cube.ide.mcu.externaltools.gnu-tools-for-stm32.12.3.rel1.win32_1.0.100.202403111256/tools/bin/../lib/gcc/arm-none-eabi/12.3.1/thumb/v7e-m+fp/hard\libgcc.a(_dvmd_tls.o)
 .ARM.attributes
                0x00000497       0x22 C:/ST/STM32CubeIDE_1.15.0/STM32CubeIDE/plugins/com.st.stm32cube.ide.mcu.externaltools.gnu-tools-for-stm32.12.3.rel1.win32_1.0.100.202403111256/tools/bin/../lib/gcc/arm-none-eabi/12.3.1/thumb/v7e-m+fp/hard/crtn.o
OUTPUT(MC4128RMA_Controller.elf elf32-littlearm)
LOAD linker stubs
LOAD C:/ST/STM32CubeIDE_1.15.0/STM32CubeIDE/plugins/com.st.stm32cube.ide.mcu.externaltools.gnu-tools-for-stm32.12.3.rel1.win32_1.0.100.202403111256/tools/bin/../lib/gcc/arm-none-eabi/12.3.1/../../../../arm-none-eabi/lib/thumb/v7e-m+fp/hard\libc.a
LOAD C:/ST/STM32CubeIDE_1.15.0/STM32CubeIDE/plugins/com.st.stm32cube.ide.mcu.externaltools.gnu-tools-for-stm32.12.3.rel1.win32_1.0.100.202403111256/tools/bin/../lib/gcc/arm-none-eabi/12.3.1/../../../../arm-none-eabi/lib/thumb/v7e-m+fp/hard\libm.a
LOAD C:/ST/STM32CubeIDE_1.15.0/STM32CubeIDE/plugins/com.st.stm32cube.ide.mcu.externaltools.gnu-tools-for-stm32.12.3.rel1.win32_1.0.100.202403111256/tools/bin/../lib/gcc/arm-none-eabi/12.3.1/thumb/v7e-m+fp/hard\libgcc.a

.debug_info     0x00000000     0xc65b
 .debug_info    0x00000000      0x998 ./Core/Src/USR_CAN.o
 .debug_info    0x00000998      0x3dd ./Core/Src/USR_PID.o
 .debug_info    0x00000d75      0x732 ./Core/Src/USR_RC.o
 .debug_info    0x000014a7     0x184b ./Core/Src/main.o
 .debug_info    0x00002cf2     0x1147 ./Core/Src/stm32f4xx_hal_msp.o
 .debug_info    0x00003e39      0xa3c ./Core/Src/stm32f4xx_it.o
 .debug_info    0x00004875      0x52e ./Core/Src/system_stm32f4xx.o
 .debug_info    0x00004da3       0x30 ./Core/Startup/startup_stm32f427iihx.o
 .debug_info    0x00004dd3      0x9ae ./Drivers/STM32F4xx_HAL_Driver/Src/stm32f4xx_hal.o
 .debug_info    0x00005781      0xf42 ./Drivers/STM32F4xx_HAL_Driver/Src/stm32f4xx_hal_can.o
 .debug_info    0x000066c3      0xd81 ./Drivers/STM32F4xx_HAL_Driver/Src/stm32f4xx_hal_cortex.o
 .debug_info    0x00007444      0x37f ./Drivers/STM32F4xx_HAL_Driver/Src/stm32f4xx_hal_crc.o
 .debug_info    0x000077c3      0x8e7 ./Drivers/STM32F4xx_HAL_Driver/Src/stm32f4xx_hal_dma.o
 .debug_info    0x000080aa      0x6db ./Drivers/STM32F4xx_HAL_Driver/Src/stm32f4xx_hal_gpio.o
 .debug_info    0x00008785      0x6be ./Drivers/STM32F4xx_HAL_Driver/Src/stm32f4xx_hal_pwr_ex.o
 .debug_info    0x00008e43      0x8c9 ./Drivers/STM32F4xx_HAL_Driver/Src/stm32f4xx_hal_rcc.o
 .debug_info    0x0000970c     0x2f4f ./Drivers/STM32F4xx_HAL_Driver/Src/stm32f4xx_hal_uart.o

.debug_abbrev   0x00000000     0x2310
 .debug_abbrev  0x00000000      0x22c ./Core/Src/USR_CAN.o
 .debug_abbrev  0x0000022c      0x16c ./Core/Src/USR_PID.o
 .debug_abbrev  0x00000398      0x206 ./Core/Src/USR_RC.o
 .debug_abbrev  0x0000059e      0x33c ./Core/Src/main.o
 .debug_abbrev  0x000008da      0x219 ./Core/Src/stm32f4xx_hal_msp.o
 .debug_abbrev  0x00000af3      0x1cd ./Core/Src/stm32f4xx_it.o
 .debug_abbrev  0x00000cc0      0x11a ./Core/Src/system_stm32f4xx.o
 .debug_abbrev  0x00000dda       0x24 ./Core/Startup/startup_stm32f427iihx.o
 .debug_abbrev  0x00000dfe      0x214 ./Drivers/STM32F4xx_HAL_Driver/Src/stm32f4xx_hal.o
 .debug_abbrev  0x00001012      0x25a ./Drivers/STM32F4xx_HAL_Driver/Src/stm32f4xx_hal_can.o
 .debug_abbrev  0x0000126c      0x328 ./Drivers/STM32F4xx_HAL_Driver/Src/stm32f4xx_hal_cortex.o
 .debug_abbrev  0x00001594      0x1b1 ./Drivers/STM32F4xx_HAL_Driver/Src/stm32f4xx_hal_crc.o
 .debug_abbrev  0x00001745      0x264 ./Drivers/STM32F4xx_HAL_Driver/Src/stm32f4xx_hal_dma.o
 .debug_abbrev  0x000019a9      0x1d4 ./Drivers/STM32F4xx_HAL_Driver/Src/stm32f4xx_hal_gpio.o
 .debug_abbrev  0x00001b7d      0x1cf ./Drivers/STM32F4xx_HAL_Driver/Src/stm32f4xx_hal_pwr_ex.o
 .debug_abbrev  0x00001d4c      0x2b6 ./Drivers/STM32F4xx_HAL_Driver/Src/stm32f4xx_hal_rcc.o
 .debug_abbrev  0x00002002      0x30e ./Drivers/STM32F4xx_HAL_Driver/Src/stm32f4xx_hal_uart.o

.debug_aranges  0x00000000      0x9a8
 .debug_aranges
                0x00000000       0x40 ./Core/Src/USR_CAN.o
 .debug_aranges
                0x00000040       0x40 ./Core/Src/USR_PID.o
 .debug_aranges
                0x00000080       0x30 ./Core/Src/USR_RC.o
 .debug_aranges
                0x000000b0       0x58 ./Core/Src/main.o
 .debug_aranges
                0x00000108       0x50 ./Core/Src/stm32f4xx_hal_msp.o
 .debug_aranges
                0x00000158       0x80 ./Core/Src/stm32f4xx_it.o
 .debug_aranges
                0x000001d8       0x28 ./Core/Src/system_stm32f4xx.o
 .debug_aranges
                0x00000200       0x28 ./Core/Startup/startup_stm32f427iihx.o
 .debug_aranges
                0x00000228      0x100 ./Drivers/STM32F4xx_HAL_Driver/Src/stm32f4xx_hal.o
 .debug_aranges
                0x00000328      0x138 ./Drivers/STM32F4xx_HAL_Driver/Src/stm32f4xx_hal_can.o
 .debug_aranges
                0x00000460      0x120 ./Drivers/STM32F4xx_HAL_Driver/Src/stm32f4xx_hal_cortex.o
 .debug_aranges
                0x00000580       0x50 ./Drivers/STM32F4xx_HAL_Driver/Src/stm32f4xx_hal_crc.o
 .debug_aranges
                0x000005d0       0x90 ./Drivers/STM32F4xx_HAL_Driver/Src/stm32f4xx_hal_dma.o
 .debug_aranges
                0x00000660       0x58 ./Drivers/STM32F4xx_HAL_Driver/Src/stm32f4xx_hal_gpio.o
 .debug_aranges
                0x000006b8       0x60 ./Drivers/STM32F4xx_HAL_Driver/Src/stm32f4xx_hal_pwr_ex.o
 .debug_aranges
                0x00000718       0x88 ./Drivers/STM32F4xx_HAL_Driver/Src/stm32f4xx_hal_rcc.o
 .debug_aranges
                0x000007a0      0x208 ./Drivers/STM32F4xx_HAL_Driver/Src/stm32f4xx_hal_uart.o

.debug_rnglists
                0x00000000      0x74d
 .debug_rnglists
                0x00000000       0x2d ./Core/Src/USR_CAN.o
 .debug_rnglists
                0x0000002d       0x2c ./Core/Src/USR_PID.o
 .debug_rnglists
                0x00000059       0x20 ./Core/Src/USR_RC.o
 .debug_rnglists
                0x00000079       0x41 ./Core/Src/main.o
 .debug_rnglists
                0x000000ba       0x39 ./Core/Src/stm32f4xx_hal_msp.o
 .debug_rnglists
                0x000000f3       0x5b ./Core/Src/stm32f4xx_it.o
 .debug_rnglists
                0x0000014e       0x1a ./Core/Src/system_stm32f4xx.o
 .debug_rnglists
                0x00000168       0x19 ./Core/Startup/startup_stm32f427iihx.o
 .debug_rnglists
                0x00000181       0xbb ./Drivers/STM32F4xx_HAL_Driver/Src/stm32f4xx_hal.o
 .debug_rnglists
                0x0000023c       0xee ./Drivers/STM32F4xx_HAL_Driver/Src/stm32f4xx_hal_can.o
 .debug_rnglists
                0x0000032a       0xd4 ./Drivers/STM32F4xx_HAL_Driver/Src/stm32f4xx_hal_cortex.o
 .debug_rnglists
                0x000003fe       0x37 ./Drivers/STM32F4xx_HAL_Driver/Src/stm32f4xx_hal_crc.o
 .debug_rnglists
                0x00000435       0x70 ./Drivers/STM32F4xx_HAL_Driver/Src/stm32f4xx_hal_dma.o
 .debug_rnglists
                0x000004a5       0x3f ./Drivers/STM32F4xx_HAL_Driver/Src/stm32f4xx_hal_gpio.o
 .debug_rnglists
                0x000004e4       0x47 ./Drivers/STM32F4xx_HAL_Driver/Src/stm32f4xx_hal_pwr_ex.o
 .debug_rnglists
                0x0000052b       0x66 ./Drivers/STM32F4xx_HAL_Driver/Src/stm32f4xx_hal_rcc.o
 .debug_rnglists
                0x00000591      0x1bc ./Drivers/STM32F4xx_HAL_Driver/Src/stm32f4xx_hal_uart.o

.debug_macro    0x00000000    0x23755
 .debug_macro   0x00000000      0x2cc ./Core/Src/USR_CAN.o
 .debug_macro   0x000002cc      0xab4 ./Core/Src/USR_CAN.o
 .debug_macro   0x00000d80      0x2a1 ./Core/Src/USR_CAN.o
 .debug_macro   0x00001021       0x2e ./Core/Src/USR_CAN.o
 .debug_macro   0x0000104f       0x28 ./Core/Src/USR_CAN.o
 .debug_macro   0x00001077       0x22 ./Core/Src/USR_CAN.o
 .debug_macro   0x00001099       0x8e ./Core/Src/USR_CAN.o
 .debug_macro   0x00001127       0x51 ./Core/Src/USR_CAN.o
 .debug_macro   0x00001178      0x103 ./Core/Src/USR_CAN.o
 .debug_macro   0x0000127b       0x6a ./Core/Src/USR_CAN.o
 .debug_macro   0x000012e5      0x1df ./Core/Src/USR_CAN.o
 .debug_macro   0x000014c4       0x1c ./Core/Src/USR_CAN.o
 .debug_macro   0x000014e0       0x22 ./Core/Src/USR_CAN.o
 .debug_macro   0x00001502       0xfb ./Core/Src/USR_CAN.o
 .debug_macro   0x000015fd     0x1011 ./Core/Src/USR_CAN.o
 .debug_macro   0x0000260e      0x11f ./Core/Src/USR_CAN.o
 .debug_macro   0x0000272d    0x178b5 ./Core/Src/USR_CAN.o
 .debug_macro   0x00019fe2       0x6d ./Core/Src/USR_CAN.o
 .debug_macro   0x0001a04f     0x3703 ./Core/Src/USR_CAN.o
 .debug_macro   0x0001d752      0x189 ./Core/Src/USR_CAN.o
 .debug_macro   0x0001d8db       0x5c ./Core/Src/USR_CAN.o
 .debug_macro   0x0001d937      0xc82 ./Core/Src/USR_CAN.o
 .debug_macro   0x0001e5b9      0x9e9 ./Core/Src/USR_CAN.o
 .debug_macro   0x0001efa2      0x115 ./Core/Src/USR_CAN.o
 .debug_macro   0x0001f0b7      0x16f ./Core/Src/USR_CAN.o
 .debug_macro   0x0001f226       0xa5 ./Core/Src/USR_CAN.o
 .debug_macro   0x0001f2cb      0x182 ./Core/Src/USR_CAN.o
 .debug_macro   0x0001f44d      0x287 ./Core/Src/USR_CAN.o
 .debug_macro   0x0001f6d4       0x5f ./Core/Src/USR_CAN.o
 .debug_macro   0x0001f733      0x236 ./Core/Src/USR_CAN.o
 .debug_macro   0x0001f969      0x40f ./Core/Src/USR_CAN.o
 .debug_macro   0x0001fd78       0x22 ./Core/Src/USR_CAN.o
 .debug_macro   0x0001fd9a      0x132 ./Core/Src/USR_CAN.o
 .debug_macro   0x0001fecc      0x41d ./Core/Src/USR_CAN.o
 .debug_macro   0x000202e9       0x2e ./Core/Src/USR_CAN.o
 .debug_macro   0x00020317      0x127 ./Core/Src/USR_CAN.o
 .debug_macro   0x0002043e       0xe2 ./Core/Src/USR_CAN.o
 .debug_macro   0x00020520       0x89 ./Core/Src/USR_CAN.o
 .debug_macro   0x000205a9      0x2aa ./Core/Src/USR_CAN.o
 .debug_macro   0x00020853      0x134 ./Core/Src/USR_CAN.o
 .debug_macro   0x00020987      0x212 ./Core/Src/USR_CAN.o
 .debug_macro   0x00020b99       0x16 ./Core/Src/USR_CAN.o
 .debug_macro   0x00020baf       0x61 ./Core/Src/USR_CAN.o
 .debug_macro   0x00020c10       0x2a ./Core/Src/USR_CAN.o
 .debug_macro   0x00020c3a       0x43 ./Core/Src/USR_CAN.o
 .debug_macro   0x00020c7d       0x34 ./Core/Src/USR_CAN.o
 .debug_macro   0x00020cb1       0x16 ./Core/Src/USR_CAN.o
 .debug_macro   0x00020cc7       0x35 ./Core/Src/USR_CAN.o
 .debug_macro   0x00020cfc      0x369 ./Core/Src/USR_CAN.o
 .debug_macro   0x00021065       0x10 ./Core/Src/USR_CAN.o
 .debug_macro   0x00021075       0x16 ./Core/Src/USR_CAN.o
 .debug_macro   0x0002108b       0x43 ./Core/Src/USR_CAN.o
 .debug_macro   0x000210ce       0x34 ./Core/Src/USR_CAN.o
 .debug_macro   0x00021102       0x10 ./Core/Src/USR_CAN.o
 .debug_macro   0x00021112       0x58 ./Core/Src/USR_CAN.o
 .debug_macro   0x0002116a       0x8e ./Core/Src/USR_CAN.o
 .debug_macro   0x000211f8       0x1c ./Core/Src/USR_CAN.o
 .debug_macro   0x00021214      0x177 ./Core/Src/USR_CAN.o
 .debug_macro   0x0002138b       0x16 ./Core/Src/USR_CAN.o
 .debug_macro   0x000213a1       0x16 ./Core/Src/USR_CAN.o
 .debug_macro   0x000213b7      0x146 ./Core/Src/USR_CAN.o
 .debug_macro   0x000214fd      0x289 ./Core/Src/USR_PID.o
 .debug_macro   0x00021786      0x19b ./Core/Src/USR_PID.o
 .debug_macro   0x00021921      0x2c4 ./Core/Src/USR_RC.o
 .debug_macro   0x00021be5      0x20c ./Core/Src/USR_RC.o
 .debug_macro   0x00021df1      0x2dc ./Core/Src/main.o
 .debug_macro   0x000220cd      0x1dd ./Core/Src/stm32f4xx_hal_msp.o
 .debug_macro   0x000222aa      0x1e7 ./Core/Src/stm32f4xx_it.o
 .debug_macro   0x00022491      0x1ce ./Core/Src/system_stm32f4xx.o
 .debug_macro   0x0002265f      0x22e ./Drivers/STM32F4xx_HAL_Driver/Src/stm32f4xx_hal.o
 .debug_macro   0x0002288d      0x1dd ./Drivers/STM32F4xx_HAL_Driver/Src/stm32f4xx_hal_can.o
 .debug_macro   0x00022a6a      0x1ce ./Drivers/STM32F4xx_HAL_Driver/Src/stm32f4xx_hal_cortex.o
 .debug_macro   0x00022c38      0x1ce ./Drivers/STM32F4xx_HAL_Driver/Src/stm32f4xx_hal_crc.o
 .debug_macro   0x00022e06      0x1d4 ./Drivers/STM32F4xx_HAL_Driver/Src/stm32f4xx_hal_dma.o
 .debug_macro   0x00022fda      0x1d4 ./Drivers/STM32F4xx_HAL_Driver/Src/stm32f4xx_hal_gpio.o
 .debug_macro   0x000231ae      0x1e6 ./Drivers/STM32F4xx_HAL_Driver/Src/stm32f4xx_hal_pwr_ex.o
 .debug_macro   0x00023394      0x1f2 ./Drivers/STM32F4xx_HAL_Driver/Src/stm32f4xx_hal_rcc.o
 .debug_macro   0x00023586      0x1cf ./Drivers/STM32F4xx_HAL_Driver/Src/stm32f4xx_hal_uart.o

.debug_line     0x00000000     0xcfef
 .debug_line    0x00000000      0x9db ./Core/Src/USR_CAN.o
 .debug_line    0x000009db      0x9da ./Core/Src/USR_PID.o
 .debug_line    0x000013b5      0x9ba ./Core/Src/USR_RC.o
 .debug_line    0x00001d6f      0xc0e ./Core/Src/main.o
 .debug_line    0x0000297d      0x823 ./Core/Src/stm32f4xx_hal_msp.o
 .debug_line    0x000031a0      0x86e ./Core/Src/stm32f4xx_it.o
 .debug_line    0x00003a0e      0x7d0 ./Core/Src/system_stm32f4xx.o
 .debug_line    0x000041de       0x7a ./Core/Startup/startup_stm32f427iihx.o
 .debug_line    0x00004258      0xa6f ./Drivers/STM32F4xx_HAL_Driver/Src/stm32f4xx_hal.o
 .debug_line    0x00004cc7     0x11e8 ./Drivers/STM32F4xx_HAL_Driver/Src/stm32f4xx_hal_can.o
 .debug_line    0x00005eaf      0xd01 ./Drivers/STM32F4xx_HAL_Driver/Src/stm32f4xx_hal_cortex.o
 .debug_line    0x00006bb0      0x892 ./Drivers/STM32F4xx_HAL_Driver/Src/stm32f4xx_hal_crc.o
 .debug_line    0x00007442      0xfa9 ./Drivers/STM32F4xx_HAL_Driver/Src/stm32f4xx_hal_dma.o
 .debug_line    0x000083eb      0xbed ./Drivers/STM32F4xx_HAL_Driver/Src/stm32f4xx_hal_gpio.o
 .debug_line    0x00008fd8      0x962 ./Drivers/STM32F4xx_HAL_Driver/Src/stm32f4xx_hal_pwr_ex.o
 .debug_line    0x0000993a      0xdaa ./Drivers/STM32F4xx_HAL_Driver/Src/stm32f4xx_hal_rcc.o
 .debug_line    0x0000a6e4     0x290b ./Drivers/STM32F4xx_HAL_Driver/Src/stm32f4xx_hal_uart.o

.debug_str      0x00000000    0xd320e
 .debug_str     0x00000000    0xcfb7e ./Core/Src/USR_CAN.o
                              0xcfe54 (size before relaxing)
 .debug_str     0x000cfb7e      0x93b ./Core/Src/USR_PID.o
                              0xcf2df (size before relaxing)
 .debug_str     0x000d04b9      0x4e3 ./Core/Src/USR_RC.o
                              0xcfe15 (size before relaxing)
 .debug_str     0x000d099c      0x9d2 ./Core/Src/main.o
                              0xd0c0f (size before relaxing)
 .debug_str     0x000d136e       0xb8 ./Core/Src/stm32f4xx_hal_msp.o
                              0xcd009 (size before relaxing)
 .debug_str     0x000d1426      0x13c ./Core/Src/stm32f4xx_it.o
                              0xcc935 (size before relaxing)
 .debug_str     0x000d1562       0xdb ./Core/Src/system_stm32f4xx.o
                              0xcbaa0 (size before relaxing)
 .debug_str     0x000d163d       0x44 ./Core/Startup/startup_stm32f427iihx.o
                                 0x6c (size before relaxing)
 .debug_str     0x000d1681      0x648 ./Drivers/STM32F4xx_HAL_Driver/Src/stm32f4xx_hal.o
                              0xcc6ac (size before relaxing)
 .debug_str     0x000d1cc9      0x407 ./Drivers/STM32F4xx_HAL_Driver/Src/stm32f4xx_hal_can.o
                              0xcc187 (size before relaxing)
 .debug_str     0x000d20d0      0x330 ./Drivers/STM32F4xx_HAL_Driver/Src/stm32f4xx_hal_cortex.o
                              0xcc3a8 (size before relaxing)
 .debug_str     0x000d2400       0x9d ./Drivers/STM32F4xx_HAL_Driver/Src/stm32f4xx_hal_crc.o
                              0xcbabb (size before relaxing)
 .debug_str     0x000d249d      0x322 ./Drivers/STM32F4xx_HAL_Driver/Src/stm32f4xx_hal_dma.o
                              0xcbea7 (size before relaxing)
 .debug_str     0x000d27bf      0x11c ./Drivers/STM32F4xx_HAL_Driver/Src/stm32f4xx_hal_gpio.o
                              0xcbc1b (size before relaxing)
 .debug_str     0x000d28db      0x135 ./Drivers/STM32F4xx_HAL_Driver/Src/stm32f4xx_hal_pwr_ex.o
                              0xcbc78 (size before relaxing)
 .debug_str     0x000d2a10      0x233 ./Drivers/STM32F4xx_HAL_Driver/Src/stm32f4xx_hal_rcc.o
                              0xcbed4 (size before relaxing)
 .debug_str     0x000d2c43      0x5cb ./Drivers/STM32F4xx_HAL_Driver/Src/stm32f4xx_hal_uart.o
                              0xcc4a2 (size before relaxing)

.comment        0x00000000       0x43
 .comment       0x00000000       0x43 ./Core/Src/USR_CAN.o
                                 0x44 (size before relaxing)
 .comment       0x00000043       0x44 ./Core/Src/USR_PID.o
 .comment       0x00000043       0x44 ./Core/Src/USR_RC.o
 .comment       0x00000043       0x44 ./Core/Src/main.o
 .comment       0x00000043       0x44 ./Core/Src/stm32f4xx_hal_msp.o
 .comment       0x00000043       0x44 ./Core/Src/stm32f4xx_it.o
 .comment       0x00000043       0x44 ./Core/Src/system_stm32f4xx.o
 .comment       0x00000043       0x44 ./Drivers/STM32F4xx_HAL_Driver/Src/stm32f4xx_hal.o
 .comment       0x00000043       0x44 ./Drivers/STM32F4xx_HAL_Driver/Src/stm32f4xx_hal_can.o
 .comment       0x00000043       0x44 ./Drivers/STM32F4xx_HAL_Driver/Src/stm32f4xx_hal_cortex.o
 .comment       0x00000043       0x44 ./Drivers/STM32F4xx_HAL_Driver/Src/stm32f4xx_hal_crc.o
 .comment       0x00000043       0x44 ./Drivers/STM32F4xx_HAL_Driver/Src/stm32f4xx_hal_dma.o
 .comment       0x00000043       0x44 ./Drivers/STM32F4xx_HAL_Driver/Src/stm32f4xx_hal_gpio.o
 .comment       0x00000043       0x44 ./Drivers/STM32F4xx_HAL_Driver/Src/stm32f4xx_hal_pwr_ex.o
 .comment       0x00000043       0x44 ./Drivers/STM32F4xx_HAL_Driver/Src/stm32f4xx_hal_rcc.o
 .comment       0x00000043       0x44 ./Drivers/STM32F4xx_HAL_Driver/Src/stm32f4xx_hal_uart.o

.debug_frame    0x00000000     0x2608
 .debug_frame   0x00000000       0xc8 ./Core/Src/USR_CAN.o
 .debug_frame   0x000000c8       0xd0 ./Core/Src/USR_PID.o
 .debug_frame   0x00000198       0x78 ./Core/Src/USR_RC.o
 .debug_frame   0x00000210      0x10c ./Core/Src/main.o
 .debug_frame   0x0000031c      0x118 ./Core/Src/stm32f4xx_hal_msp.o
 .debug_frame   0x00000434      0x174 ./Core/Src/stm32f4xx_it.o
 .debug_frame   0x000005a8       0x58 ./Core/Src/system_stm32f4xx.o
 .debug_frame   0x00000600      0x3b4 ./Drivers/STM32F4xx_HAL_Driver/Src/stm32f4xx_hal.o
 .debug_frame   0x000009b4      0x5a0 ./Drivers/STM32F4xx_HAL_Driver/Src/stm32f4xx_hal_can.o
 .debug_frame   0x00000f54      0x4b8 ./Drivers/STM32F4xx_HAL_Driver/Src/stm32f4xx_hal_cortex.o
 .debug_frame   0x0000140c      0x120 ./Drivers/STM32F4xx_HAL_Driver/Src/stm32f4xx_hal_crc.o
 .debug_frame   0x0000152c      0x250 ./Drivers/STM32F4xx_HAL_Driver/Src/stm32f4xx_hal_dma.o
 .debug_frame   0x0000177c      0x14c ./Drivers/STM32F4xx_HAL_Driver/Src/stm32f4xx_hal_gpio.o
 .debug_frame   0x000018c8      0x14c ./Drivers/STM32F4xx_HAL_Driver/Src/stm32f4xx_hal_pwr_ex.o
 .debug_frame   0x00001a14      0x1f4 ./Drivers/STM32F4xx_HAL_Driver/Src/stm32f4xx_hal_rcc.o
 .debug_frame   0x00001c08      0x954 ./Drivers/STM32F4xx_HAL_Driver/Src/stm32f4xx_hal_uart.o
 .debug_frame   0x0000255c       0x20 C:/ST/STM32CubeIDE_1.15.0/STM32CubeIDE/plugins/com.st.stm32cube.ide.mcu.externaltools.gnu-tools-for-stm32.12.3.rel1.win32_1.0.100.202403111256/tools/bin/../lib/gcc/arm-none-eabi/12.3.1/../../../../arm-none-eabi/lib/thumb/v7e-m+fp/hard\libc_nano.a(libc_a-memset.o)
 .debug_frame   0x0000257c       0x2c C:/ST/STM32CubeIDE_1.15.0/STM32CubeIDE/plugins/com.st.stm32cube.ide.mcu.externaltools.gnu-tools-for-stm32.12.3.rel1.win32_1.0.100.202403111256/tools/bin/../lib/gcc/arm-none-eabi/12.3.1/../../../../arm-none-eabi/lib/thumb/v7e-m+fp/hard\libc_nano.a(libc_a-init.o)
 .debug_frame   0x000025a8       0x2c C:/ST/STM32CubeIDE_1.15.0/STM32CubeIDE/plugins/com.st.stm32cube.ide.mcu.externaltools.gnu-tools-for-stm32.12.3.rel1.win32_1.0.100.202403111256/tools/bin/../lib/gcc/arm-none-eabi/12.3.1/thumb/v7e-m+fp/hard\libgcc.a(_aeabi_uldivmod.o)
 .debug_frame   0x000025d4       0x34 C:/ST/STM32CubeIDE_1.15.0/STM32CubeIDE/plugins/com.st.stm32cube.ide.mcu.externaltools.gnu-tools-for-stm32.12.3.rel1.win32_1.0.100.202403111256/tools/bin/../lib/gcc/arm-none-eabi/12.3.1/thumb/v7e-m+fp/hard\libgcc.a(_udivmoddi4.o)

.debug_line_str
                0x00000000       0x50
 .debug_line_str
                0x00000000       0x50 ./Core/Startup/startup_stm32f427iihx.o
