../Core/Src/main.c:101:5:main	40	static
../Core/Src/main.c:204:6:SystemClock_Config	88	static
../Core/Src/main.c:247:13:MX_NVIC_Init	8	static
../Core/Src/main.c:288:13:MX_CAN1_Init	8	static
../Core/Src/main.c:323:13:MX_CAN2_Init	8	static
../Core/Src/main.c:358:13:MX_CRC_Init	8	static
../Core/Src/main.c:382:13:MX_SPI1_Init	8	static
../Core/Src/main.c:418:13:MX_SPI5_Init	8	static
../Core/Src/main.c:454:13:MX_TIM1_Init	96	static
../Core/Src/main.c:538:13:MX_TIM2_Init	64	static
../Core/Src/main.c:605:13:MX_TIM4_Init	64	static
../Core/Src/main.c:672:13:MX_TIM5_Init	64	static
../Core/Src/main.c:739:13:MX_TIM8_Init	80	static
../Core/Src/main.c:815:13:MX_UART7_Init	8	static
../Core/Src/main.c:846:13:MX_UART8_Init	8	static
../Core/Src/main.c:877:13:MX_USART1_UART_Init	8	static
../Core/Src/main.c:908:13:MX_USART3_UART_Init	8	static
../Core/Src/main.c:939:13:MX_USART6_UART_Init	8	static
../Core/Src/main.c:970:13:MX_GPIO_Init	64	static
../Core/Src/main.c:1079:6:Error_Handler	8	static,ignoring_inline_asm
