../Core/Src/stm32f4xx_it.c:76:6:NMI_Handler	4	static
../Core/Src/stm32f4xx_it.c:91:6:HardFault_Handler	4	static
../Core/Src/stm32f4xx_it.c:106:6:MemManage_Handler	4	static
../Core/Src/stm32f4xx_it.c:121:6:BusFault_Handler	4	static
../Core/Src/stm32f4xx_it.c:136:6:UsageFault_Handler	4	static
../Core/Src/stm32f4xx_it.c:151:6:SVC_Handler	4	static
../Core/Src/stm32f4xx_it.c:164:6:DebugMon_Handler	4	static
../Core/Src/stm32f4xx_it.c:177:6:PendSV_Handler	4	static
../Core/Src/stm32f4xx_it.c:190:6:SysTick_Handler	8	static
../Core/Src/stm32f4xx_it.c:211:6:CAN1_TX_IRQHandler	8	static
../Core/Src/stm32f4xx_it.c:225:6:CAN1_RX0_IRQHandler	8	static
../Core/Src/stm32f4xx_it.c:239:6:CAN1_RX1_IRQHandler	8	static
../Core/Src/stm32f4xx_it.c:253:6:USART1_IRQHandler	8	static
../Core/Src/stm32f4xx_it.c:267:6:USART3_IRQHandler	8	static
../Core/Src/stm32f4xx_it.c:281:6:EXTI15_10_IRQHandler	8	static
../Core/Src/stm32f4xx_it.c:296:6:CAN2_TX_IRQHandler	8	static
../Core/Src/stm32f4xx_it.c:310:6:CAN2_RX0_IRQHandler	8	static
../Core/Src/stm32f4xx_it.c:324:6:CAN2_RX1_IRQHandler	8	static
../Core/Src/stm32f4xx_it.c:338:6:USART6_IRQHandler	8	static
../Core/Src/stm32f4xx_it.c:352:6:UART7_IRQHandler	8	static
../Core/Src/stm32f4xx_it.c:366:6:UART8_IRQHandler	8	static
../Core/Src/stm32f4xx_it.c:380:6:SPI5_IRQHandler	8	static
